// Jest Snapshot v1, https://goo.gl/fbAQLP

exports[`ResultComponent should match snapshot 1`] = `
<styled.div>
  <styled.p />
</styled.div>
`;
